---
source: tui/src/history_cell/tests.rs
expression: rendered
---
╭────────────────────────────────────────────────────────╮
│ ✨ Update available! 0.148.0-better-codex -> 9.9.9     │
│ Run better-codex update to update.                     │
│                                                        │
│ See full release notes:                                │
│ https://github.com/AmazingTurtle/codex/releases/latest │
╰────────────────────────────────────────────────────────╯
